MPASM  5.51                 ROTARYENCODER.ASM   9-11-2021  22:58:03         PAGE  1


LOC  OBJECT CODE     LINE SOURCE TEXT
  VALUE

                      00001 ; Autor; Fabiano Costa
                      00002 ; 27-08-2021
                      00003 ; Trata as saidas de um encoder rotativo gerando pulsos de 20ms nas saidas a cada tick para a direita e 
                            esquerda
                      00004 ; As saidas do encoder deverao ser conectadas aos pinos 1 e 2 do PIC e o pino central devera ser conecta
                            do ao terra
                      00005 ; As saidas do PIC estao nos pinos 4 e 5
                      00006 ;
                      00007 ; MCU: PIC12F675
                      00008 ; Autor: Fabiano Costa
                      00009 ; Data de criacao: 27/08/2021
                      00010 ; Desenvolvido no MPLAB 8.92
                      00011 ; 
                      00012 ; GPIO,1 entrada
                      00013 ; GPIO,2 entrada (interrupcao)
                      00014 ; GPIO,4 saida
                      00015 ; GPIO,5 saida
                      00016 ;
                      00017 ; v.1.1 - 11/09/2021
                      00018 ; Alterado fuse bit _MCLRE_OFF _para MCLRE_ON
                      00019 
                      00020 
                      00021  list           p=12f675                ; MCU utilizada
                      00022 
                      00023  #include <p12f675.inc>
                      00001         LIST
                      00002 
                      00003 ;==========================================================================
                      00004 ;  MPASM PIC12F675 processor include
                      00005 ; 
                      00006 ;  (c) Copyright 1999-2013 Microchip Technology, All rights reserved
                      00007 ;==========================================================================
                      00008 
                      00366         LIST
                      00024 
                      00025 ; ---- Fuse Bits ----
                      00026 
2007   3FF4           00027    __config _INTRC_OSC_NOCLKOUT & _WDTE_OFF & _MCLRE_ON & _CP_OFF & _CPD_OFF
                      00028  
                      00029 ; ---- Registradores de uso geral ----
                      00030 
                      00031  cblock                                 H'20'
                      00032 
  00000020            00033  W_TEMP
  00000021            00034  STATUS_TEMP
                      00035 
                      00036  endc
                      00037 
                      00038 ; ---- Definicao de I/O ----
                      00039  #define        out0            GPIO,4                                  ; Saida pulso 0
                      00040  #define        out1            GPIO,5                                  ; Saida pulso 1
                      00041  #define        in0                     GPIO,1                                  ; Entrada
                      00042 ;#define        in1                     GPIO,2                                  ; Entrada (configurado v
MPASM  5.51                 ROTARYENCODER.ASM   9-11-2021  22:58:03         PAGE  2


LOC  OBJECT CODE     LINE SOURCE TEXT
  VALUE

                            ia interrupcao)
                      00043  
                      00044 ; ---- Vetor de inicializacao ----
                      00045         org                             H'0000'                                 ; Origem no endereco 0x0
                            0
0000   2???           00046         goto                            configs                                 ; Desvia do vetor de int
                            errupcao
                      00047         
                      00048 ; ---- Vetor de interrupcao ----
                      00049 
                      00050         org                                     H'0004'                                 ; Interrupcoes a
                            pontam para este endereco
                      00051         
                      00052 ; ---- Salvamento de contexto ---
0004   00A0           00053         MOVWF                           W_TEMP                                  ; W_TEMP = W
0005   0E03           00054         SWAPF                           STATUS,W                                ; W = STATUS (nibbles in
                            vertidos)
0006   1283           00055         BCF                             STATUS,RP0                              ; Seleciona banco de mem
                            ória
0007   00A1           00056         MOVWF                           STATUS_TEMP                             ; STATUS_TEMP = W
                      00057         
                      00058 ; ---- ISR ----
                      00059 
0008   108B           00060         bcf                                     INTCON,INTF                             ; Apaga flag de 
                            interrupcao
0009   1885           00061         btfsc                           in0                                             ; Se in0 = 0 exe
                            cuta decrementa
000A   2???           00062         goto                            incrementa                              ; Executa incrementa
000B   2???           00063         call                            pulsoDecr
000C   2???           00064         goto                            exit_ISR
000D                  00065 incrementa:
000D   2???           00066         call                            pulsoIncr
                      00067         
                      00068 ; ---- Fim ISR ----
                      00069 
                      00070 
                      00071 ; ---- Recuperacao de contexto ----
000E                  00072 exit_ISR:
000E   0E21           00073         SWAPF                           STATUS_TEMP,W                   ; W = STATUS_TEMP (nibbles inver
                            tidos)
                      00074                                                                                                 ; SWAPF 
                            f,d
                      00075                                                                                                 ; d = SW
                            AP(f)
                      00076                                                                                                 ; (aaaab
                            bbb) -> (bbbbaaaa)
000F   0083           00077         MOVWF                           STATUS                                  ; STATUS = W
0010   0EA0           00078         SWAPF                           W_TEMP,F                                ; W_TEMP = W_TEMP (invet
                            ido)
0011   0E20           00079         SWAPF                           W_TEMP,W                                ; W = W_TEMP (invertido)
                             
                      00080         
0012   0009           00081         retfie
MPASM  5.51                 ROTARYENCODER.ASM   9-11-2021  22:58:03         PAGE  3


LOC  OBJECT CODE     LINE SOURCE TEXT
  VALUE

                      00082 
0013                  00083 configs:
                      00084 
0013   1283           00085         bcf                             STATUS,RP0                              ; Bank 0
0014   0185           00086         clrf                            GPIO                                    ; Inicializa GPIO
                      00087 
0015   3007           00088         movlw                           07h                                     ; Desabilita comparador
0016   0099           00089         movwf                           CMCON                                   ; Desabilita comparador
                      00090         
0017   1683           00091         bsf                             STATUS,RP0                              ; Bank 1
Message[302]: Register in operand not in bank 0.  Ensure that bank bits are correct.
0018   019F           00092         clrf                            ANSEL                                   ; Desabilita uso de port
                            as analogicas
                      00093         
0019   178B           00094         bsf                                     INTCON,GIE                              ; Habilita inter
                            rupcoes
001A   160B           00095         bsf                                     INTCON,INTE                             ; Habilita inter
                            rupcao externa em GP2
Message[302]: Register in operand not in bank 0.  Ensure that bank bits are correct.
001B   1301           00096         bcf                                     OPTION_REG,INTEDG               ; Seta Interrupcao por b
                            orda de descida em GP2
                      00097         
001C   300F           00098         movlw                           b'00001111'                             ; 
Message[302]: Register in operand not in bank 0.  Ensure that bank bits are correct.
001D   0085           00099         movwf                           TRISIO                                  ; Configura GP4 e GP5 co
                            mo saidas
                      00100         
001E   1283           00101         bcf                             STATUS,RP0                              ; Bank 0
                      00102         
                      00103 ; ----LOOP PRINCIPAL --------------
001F                  00104 inicio:
001F   0000           00105         nop
0020   2???           00106         goto                            inicio
                      00107         
                      00108 ; ---- FIM DO LOOP PRINCIPAL ------
                      00109 
                      00110 ; ---- FUNCAO DE DELAY ----
                      00111 ; Loop externo D80 / Loop Interno D36 = 20ms a 4MHz
                      00112 ; Loop externo D40 / Loop Interno D36 = 10ms a 4MHz
                      00113 
0021                  00114 delayMs:
                      00115         
0021   3050           00116         movlw                           D'80'
0022   00A0           00117         movwf                           20h
                      00118 
0023                  00119 delayMs2:
                      00120 
0023   3024           00121         movlw                           D'36'
0024   00A1           00122         movwf                           21h
                      00123         
0025                  00124 delayMsAux:
                      00125         
0025   0000           00126         nop
MPASM  5.51                 ROTARYENCODER.ASM   9-11-2021  22:58:03         PAGE  4


LOC  OBJECT CODE     LINE SOURCE TEXT
  VALUE

0026   0000           00127         nop
0027   0000           00128         nop
0028   0000           00129         nop
0029   0000           00130         nop
                      00131         
Message[305]: Using default destination of 1 (file).
002A   0BA1           00132         decfsz                          21h
002B   2???           00133         goto                            delayMsAux
Message[305]: Using default destination of 1 (file).
002C   0BA0           00134         decfsz                          20h
002D   2???           00135         goto                            delayMs2
002E   0008           00136         return
                      00137 
002F                  00138 pulsoIncr:
002F   1605           00139         bsf                                     out0
0030   2???           00140         call                            delayMs
0031   1205           00141         bcf                                     out0
0032   0008           00142         return
                      00143         
0033                  00144 pulsoDecr:
0033   1685           00145         bsf                                     out1
0034   2???           00146         call                            delayMs
0035   1285           00147         bcf                                     out1
0036   0008           00148         return  
                      00149 
                      00150 
0037                  00151 fim:
3FF4                  00152         end
MPASM  5.51                 ROTARYENCODER.ASM   9-11-2021  22:58:03         PAGE  5


SYMBOL TABLE
  LABEL                             VALUE 

ADCON0                            0000001F
ADCS0                             00000004
ADCS1                             00000005
ADCS2                             00000006
ADFM                              00000007
ADIE                              00000006
ADIF                              00000006
ADON                              00000000
ADRESH                            0000001E
ADRESL                            0000009E
ANS0                              00000000
ANS1                              00000001
ANS2                              00000002
ANS3                              00000003
ANSEL                             0000009F
C                                 00000000
CAL0                              00000002
CAL1                              00000003
CAL2                              00000004
CAL3                              00000005
CAL4                              00000006
CAL5                              00000007
CHS0                              00000002
CHS1                              00000003
CINV                              00000004
CIS                               00000003
CM0                               00000000
CM1                               00000001
CM2                               00000002
CMCON                             00000019
CMIE                              00000003
CMIF                              00000003
COUT                              00000006
DC                                00000001
EEADR                             0000009B
EECON1                            0000009C
EECON2                            0000009D
EEDAT                             0000009A
EEDATA                            0000009A
EEIE                              00000007
EEIF                              00000007
F                                 00000001
FSR                               00000004
GIE                               00000007
GO                                00000001
GO_DONE                           00000001
GO_NOT_DONE                       00000001
GP0                               00000000
GP1                               00000001
GP2                               00000002
GP3                               00000003
GP4                               00000004
GP5                               00000005
MPASM  5.51                 ROTARYENCODER.ASM   9-11-2021  22:58:03         PAGE  6


SYMBOL TABLE
  LABEL                             VALUE 

GPIE                              00000003
GPIF                              00000000
GPIO                              00000005
GPIO0                             00000000
GPIO1                             00000001
GPIO2                             00000002
GPIO3                             00000003
GPIO4                             00000004
GPIO5                             00000005
INDF                              00000000
INTCON                            0000000B
INTE                              00000004
INTEDG                            00000006
INTF                              00000001
IOC                               00000096
IOC0                              00000000
IOC1                              00000001
IOC2                              00000002
IOC3                              00000003
IOC4                              00000004
IOC5                              00000005
IOCB                              00000096
IOCB0                             00000000
IOCB1                             00000001
IOCB2                             00000002
IOCB3                             00000003
IOCB4                             00000004
IOCB5                             00000005
IRP                               00000007
NOT_BOD                           00000000
NOT_BOR                           00000000
NOT_DONE                          00000001
NOT_GPPU                          00000007
NOT_PD                            00000003
NOT_POR                           00000001
NOT_T1SYNC                        00000002
NOT_TO                            00000004
OPTION_REG                        00000081
OSCCAL                            00000090
PCL                               00000002
PCLATH                            0000000A
PCON                              0000008E
PEIE                              00000006
PIE1                              0000008C
PIR1                              0000000C
PS0                               00000000
PS1                               00000001
PS2                               00000002
PSA                               00000003
RD                                00000000
RP0                               00000005
RP1                               00000006
STATUS                            00000003
MPASM  5.51                 ROTARYENCODER.ASM   9-11-2021  22:58:03         PAGE  7


SYMBOL TABLE
  LABEL                             VALUE 

STATUS_TEMP                       00000021
T0CS                              00000005
T0IE                              00000005
T0IF                              00000002
T0SE                              00000004
T1CKPS0                           00000004
T1CKPS1                           00000005
T1CON                             00000010
T1IE                              00000000
T1IF                              00000000
T1OSCEN                           00000003
TMR0                              00000001
TMR0IE                            00000005
TMR0IF                            00000002
TMR1                              0000000E
TMR1CS                            00000001
TMR1GE                            00000006
TMR1H                             0000000F
TMR1IE                            00000000
TMR1IF                            00000000
TMR1L                             0000000E
TMR1ON                            00000000
TRISIO                            00000085
TRISIO0                           00000000
TRISIO1                           00000001
TRISIO2                           00000002
TRISIO3                           00000003
TRISIO4                           00000004
TRISIO5                           00000005
VCFG                              00000006
VR0                               00000000
VR1                               00000001
VR2                               00000002
VR3                               00000003
VRCON                             00000099
VREN                              00000007
VRR                               00000005
W                                 00000000
WPU                               00000095
WPU0                              00000000
WPU1                              00000001
WPU2                              00000002
WPU4                              00000004
WPU5                              00000005
WR                                00000001
WREN                              00000002
WRERR                             00000003
W_TEMP                            00000020
Z                                 00000002
_BODEN_OFF                        00003FBF
_BODEN_ON                         00003FFF
_BOREN_OFF                        00003FBF
_BOREN_ON                         00003FFF
MPASM  5.51                 ROTARYENCODER.ASM   9-11-2021  22:58:03         PAGE  8


SYMBOL TABLE
  LABEL                             VALUE 

_CONFIG                           00002007
_CPD_OFF                          00003FFF
_CPD_ON                           00003EFF
_CP_OFF                           00003FFF
_CP_ON                            00003F7F
_DEVID1                           00002006
_EC_OSC                           00003FFB
_EXTRC_OSC_CLKOUT                 00003FFF
_EXTRC_OSC_NOCLKOUT               00003FFE
_FOSC_EC                          00003FFB
_FOSC_EXTRCCLK                    00003FFF
_FOSC_EXTRCIO                     00003FFE
_FOSC_HS                          00003FFA
_FOSC_INTRCCLK                    00003FFD
_FOSC_INTRCIO                     00003FFC
_FOSC_LP                          00003FF8
_FOSC_XT                          00003FF9
_HS_OSC                           00003FFA
_IDLOC0                           00002000
_IDLOC1                           00002001
_IDLOC2                           00002002
_IDLOC3                           00002003
_INTRC_OSC_CLKOUT                 00003FFD
_INTRC_OSC_NOCLKOUT               00003FFC
_LP_OSC                           00003FF8
_MCLRE_OFF                        00003FDF
_MCLRE_ON                         00003FFF
_PWRTE_OFF                        00003FFF
_PWRTE_ON                         00003FEF
_WDTE_OFF                         00003FF7
_WDTE_ON                          00003FFF
_WDT_OFF                          00003FF7
_WDT_ON                           00003FFF
_XT_OSC                           00003FF9
__12F675                          00000001
configs                           00000013
delayMs                           00000021
delayMs2                          00000023
delayMsAux                        00000025
exit_ISR                          0000000E
fim                               00000037
in0                               GPIO,1
incrementa                        0000000D
inicio                            0000001F
out0                              GPIO,4
out1                              GPIO,5
pulsoDecr                         00000033
pulsoIncr                         0000002F

Errors   :     0
Warnings :     0 reported,     0 suppressed
Messages :     5 reported,     0 suppressed

