MPLINK 4.49, Linker
Linker Map File - Created Sat Aug 28 08:52:48 2021

                                 Section Info
                  Section       Type    Address   Location Size(Bytes)
                ---------  ---------  ---------  ---------  ---------
                   .org_0       code   0x000000    program   0x000002
                   .cinit    romdata   0x000001    program   0x000004
                   .org_1       code   0x000004    program   0x000066
.config_2007_ROTARYENCODER.O       code   0x002007    program   0x000002



                              Program Memory Usage 
                               Start         End      
                           ---------   ---------      
                            0x000000    0x000002      
                            0x000004    0x000036      
                            0x002007    0x002007      
            55 out of 1158 program addresses used, program memory utilization is 4%



                              Symbols - Sorted by Name
                     Name    Address   Location    Storage File                     
                ---------  ---------  ---------  --------- ---------                
                  configs   0x000013    program     static C:\PIC\PROJETOS\mplab8\rotaryEncoder\rotaryEncoder.asm
                  delayMs   0x000021    program     static C:\PIC\PROJETOS\mplab8\rotaryEncoder\rotaryEncoder.asm
                 delayMs2   0x000023    program     static C:\PIC\PROJETOS\mplab8\rotaryEncoder\rotaryEncoder.asm
               delayMsAux   0x000025    program     static C:\PIC\PROJETOS\mplab8\rotaryEncoder\rotaryEncoder.asm
                 exit_ISR   0x00000e    program     static C:\PIC\PROJETOS\mplab8\rotaryEncoder\rotaryEncoder.asm
                      fim   0x000037    program     static C:\PIC\PROJETOS\mplab8\rotaryEncoder\rotaryEncoder.asm
               incrementa   0x00000d    program     static C:\PIC\PROJETOS\mplab8\rotaryEncoder\rotaryEncoder.asm
                   inicio   0x00001f    program     static C:\PIC\PROJETOS\mplab8\rotaryEncoder\rotaryEncoder.asm
                pulsoDecr   0x000033    program     static C:\PIC\PROJETOS\mplab8\rotaryEncoder\rotaryEncoder.asm
                pulsoIncr   0x00002f    program     static C:\PIC\PROJETOS\mplab8\rotaryEncoder\rotaryEncoder.asm



                              Symbols - Sorted by Address
                     Name    Address   Location    Storage File                     
                ---------  ---------  ---------  --------- ---------                
               incrementa   0x00000d    program     static C:\PIC\PROJETOS\mplab8\rotaryEncoder\rotaryEncoder.asm
                 exit_ISR   0x00000e    program     static C:\PIC\PROJETOS\mplab8\rotaryEncoder\rotaryEncoder.asm
                  configs   0x000013    program     static C:\PIC\PROJETOS\mplab8\rotaryEncoder\rotaryEncoder.asm
                   inicio   0x00001f    program     static C:\PIC\PROJETOS\mplab8\rotaryEncoder\rotaryEncoder.asm
                  delayMs   0x000021    program     static C:\PIC\PROJETOS\mplab8\rotaryEncoder\rotaryEncoder.asm
                 delayMs2   0x000023    program     static C:\PIC\PROJETOS\mplab8\rotaryEncoder\rotaryEncoder.asm
               delayMsAux   0x000025    program     static C:\PIC\PROJETOS\mplab8\rotaryEncoder\rotaryEncoder.asm
                pulsoIncr   0x00002f    program     static C:\PIC\PROJETOS\mplab8\rotaryEncoder\rotaryEncoder.asm
                pulsoDecr   0x000033    program     static C:\PIC\PROJETOS\mplab8\rotaryEncoder\rotaryEncoder.asm
                      fim   0x000037    program     static C:\PIC\PROJETOS\mplab8\rotaryEncoder\rotaryEncoder.asm


